DEPRECATED: The legacy builder is deprecated and will be removed in a future release.
            Install the buildx component to build images with BuildKit:
            https://docs.docker.com/go/buildx/

Sending build context to Docker daemon  20.36MB
Step 1/28 : ARG ASCEND_RUNTIME_IMAGE=momentseek-mvp:ascend-runtime
Step 2/28 : FROM node:20-alpine AS frontend-build
 ---> cd266ddf7e80
Step 3/28 : WORKDIR /src/frontend
 ---> Using cache
 ---> ca8d5b9c51f6
Step 4/28 : COPY frontend/package*.json ./
 ---> Using cache
 ---> 870cb8d35b14
Step 5/28 : RUN npm ci
 ---> Using cache
 ---> 82bc52ef260b
Step 6/28 : COPY frontend/ ./
 ---> Using cache
 ---> 5a5462fda4fe
Step 7/28 : RUN npm run build
 ---> Using cache
 ---> b37d3b71d836
Step 8/28 : FROM ${ASCEND_RUNTIME_IMAGE}
 ---> 9b6878a631e7
Step 9/28 : USER root
 ---> Using cache
 ---> 594b13953143
Step 10/28 : ENV PYTHONUNBUFFERED=1     PIP_NO_CACHE_DIR=1     TORCH_DEVICE_BACKEND_AUTOLOAD=0     OPENBLAS_NUM_THREADS=8     OPENBLAS_DEFAULT_NUM_THREADS=8     OMP_NUM_THREADS=8     MKL_NUM_THREADS=8     NUMEXPR_NUM_THREADS=8     BLIS_NUM_THREADS=8     TOKENIZERS_PARALLELISM=false
 ---> Using cache
 ---> 9673a3434d57
Step 11/28 : RUN if command -v ffmpeg >/dev/null 2>&1; then         echo "ffmpeg already present in Ascend runtime";     elif command -v apt-get >/dev/null 2>&1; then         apt-get update         && apt-get install -y --no-install-recommends ffmpeg libgl1 libglib2.0-0         && rm -rf /var/lib/apt/lists/*;     elif command -v dnf >/dev/null 2>&1; then         dnf install -y ffmpeg mesa-libGL glib2         && dnf clean all;     else         echo "No supported package manager found for ffmpeg installation" >&2;         exit 1;     fi
 ---> Using cache
 ---> 0c6280b5e37f
Step 12/28 : WORKDIR /app/backend
 ---> Using cache
 ---> 9d961f89db0b
Step 13/28 : COPY vendor-wheels/ /tmp/vendor-wheels/
 ---> Using cache
 ---> dfde210098d9
Step 14/28 : COPY backend/requirements-ascend.txt ./
 ---> Using cache
 ---> 947cd2b6c0ae
Step 15/28 : COPY backend/requirements-ascend-preserve.txt ./
 ---> Using cache
 ---> fee185b79e75
Step 16/28 : COPY backend/requirements-milvus-client.txt ./
 ---> Using cache
 ---> 95e67a4a510e
Step 17/28 : COPY backend/requirements-speaker.txt ./
 ---> Using cache
 ---> 4603d6cfc263
Step 18/28 : COPY backend/constraints-ascend.txt ./
 ---> Using cache
 ---> afbd54269d99
Step 19/28 : RUN (cd /tmp/vendor-wheels && sha256sum -c SHA256SUMS)     && pip install --no-index --no-deps --find-links=/tmp/vendor-wheels         -r requirements-milvus-client.txt     && pip install --no-index --no-deps /tmp/vendor-wheels/insightface-1.0.1-py3-none-any.whl     && pip install -c constraints-ascend.txt -r requirements-ascend.txt     && pip install --no-deps -r requirements-ascend-preserve.txt     && python3 -c "from importlib.metadata import version; import cv2; assert version('torch') == '2.9.0'; assert version('torch-npu') == '2.9.0.post1'; assert version('torchaudio') == '2.9.0'; assert cv2.__version__ == '4.11.0'"     && rm -rf /tmp/vendor-wheels
 ---> Using cache
 ---> 01408e13810b
Step 20/28 : COPY backend/ ./
 ---> 48f3bc438c4d
Step 21/28 : COPY deploy/orchestration/ ./deploy/orchestration/
 ---> afec668f2826
Step 22/28 : COPY deploy/models/ascend-prod.models.json /app/deploy/models/ascend-prod.models.json
 ---> 6e0899dd4119
Step 23/28 : COPY scripts/verify_models.py /app/scripts/verify_models.py
 ---> bf4de5f5ade1
Step 24/28 : COPY --from=frontend-build /src/frontend/dist ./app/static
 ---> 7a239e255975
Step 25/28 : RUN mkdir -p /app/runtime /app/models
 ---> Running in 056a89ae9379
 ---> Removed intermediate container 056a89ae9379
 ---> 50530ac5c522
Step 26/28 : EXPOSE 8000
 ---> Running in fdf13842b435
 ---> Removed intermediate container fdf13842b435
 ---> f5bf2a535e34
Step 27/28 : HEALTHCHECK --interval=30s --timeout=5s --retries=3 CMD python -c "import os, urllib.request; port=os.environ.get('APP_PORT', '8000'); urllib.request.urlopen(f'http://127.0.0.1:{port}/api/health')"
 ---> Running in d835586d3c5b
 ---> Removed intermediate container d835586d3c5b
 ---> 644b3b49ba99
Step 28/28 : CMD ["sh", "-c", "exec uvicorn app.main:app --host 0.0.0.0 --port \"${APP_PORT:-8000}\" --workers 1"]
 ---> Running in b8f7bbd9d08d
 ---> Removed intermediate container b8f7bbd9d08d
 ---> 2175ebd81c27
Successfully built 2175ebd81c27
Successfully tagged momentseek-0829-platform:e6cdc43
Successfully tagged momentseek-0829-platform:current
